[36mvite v7.1.9 [32mbuilding for production...[36m[39m
transforming...
node.exe : Browserslist: browsers data (caniuse-lite) 
is 7 months old. Please run:
En C:\Program Files\nodejs\npx.ps1: 29 Carácter: 3
+   & $NODE_EXE $NPX_CLI_JS $args
+   ~~~~~~~~~~~~~~~~~~~~~~~~~~~~~
    + CategoryInfo          : NotSpecified: (Browsersl 
   ist: b...ld. Please run::String) [], RemoteExcepti  
  on
    + FullyQualifiedErrorId : NativeCommandError
 
  npx update-browserslist-db@latest
  Why you should do it regularly: 
https://github.com/browserslist/update-db#readme
[32mÔ£ô[39m 1183 modules transformed.
[31mÔ£ù[39m Build failed in 1.61s
[31merror during build:
[31m[vite:load-fallback] Could not load C:\Users\Usuar
i\Documents\GitHub\MainV2\GitHub_Productivity\vercel\Ma
inControl-Egea\src/components/installations/MobileTaskL
ist (imported by src/pages/GlobalCalendarPage.tsx): 
ENOENT: no such file or directory, open 'C:\Users\Usuar
i\Documents\GitHub\MainV2\GitHub_Productivity\vercel\Ma
inControl-Egea\src\components\installations\MobileTaskL
ist'[31m
    at async open (node:internal/fs/promises:633:25)
    at async Object.readFile 
(node:internal/fs/promises:1237:14)
    at async Object.handler (file:///C:/Users/Usuari/Do
cuments/GitHub/MainV2/GitHub_Productivity/vercel/MainCo
ntrol-Egea/node_modules/vite/dist/node/chunks/dep-Chhhs
doe.js:33624:21)
    at async PluginDriver.hookFirstAndGetPlugin (file:/
//C:/Users/Usuari/Documents/GitHub/MainV2/GitHub_Produc
tivity/vercel/MainControl-Egea/node_modules/rollup/dist
/es/shared/node-entry.js:22308:28)
    at async file:///C:/Users/Usuari/Documents/GitHub/M
ainV2/GitHub_Productivity/vercel/MainControl-Egea/node_
modules/rollup/dist/es/shared/node-entry.js:21308:33
    at async Queue.work (file:///C:/Users/Usuari/Docume
nts/GitHub/MainV2/GitHub_Productivity/vercel/MainContro
l-Egea/node_modules/rollup/dist/es/shared/node-entry.js
:22536:32)[39m
